2025-01-16 09:47:01,145 - 18277 - DEBUG: Starting new HTTPS connection (1): api.mch.weixin.qq.com:443
2025-01-16 09:47:01,389 - 18277 - DEBUG: https://api.mch.weixin.qq.com:443 "GET /v3/certificates HTTP/1.1" 404 238
2025-01-16 11:14:30,377 - 33800 - DEBUG: Starting new HTTPS connection (1): api.mch.weixin.qq.com:443
2025-01-16 11:14:30,655 - 33800 - DEBUG: https://api.mch.weixin.qq.com:443 "GET /v3/certificates HTTP/1.1" 404 238
2025-01-16 11:16:34,862 - 34230 - DEBUG: Starting new HTTPS connection (1): api.mch.weixin.qq.com:443
2025-01-16 11:16:35,106 - 34230 - DEBUG: https://api.mch.weixin.qq.com:443 "GET /v3/certificates HTTP/1.1" 404 238
2025-01-16 11:36:11,998 - 37844 - DEBUG: Starting new HTTPS connection (1): api.mch.weixin.qq.com:443
2025-01-16 11:36:12,254 - 37844 - DEBUG: https://api.mch.weixin.qq.com:443 "GET /v3/certificates HTTP/1.1" 404 238
2025-01-16 11:37:08,854 - 38036 - DEBUG: Starting new HTTPS connection (1): api.mch.weixin.qq.com:443
2025-01-16 11:37:09,104 - 38036 - DEBUG: https://api.mch.weixin.qq.com:443 "GET /v3/certificates HTTP/1.1" 404 238
2025-01-16 11:37:22,498 - 38092 - DEBUG: Starting new HTTPS connection (1): api.mch.weixin.qq.com:443
2025-01-16 11:37:22,739 - 38092 - DEBUG: https://api.mch.weixin.qq.com:443 "GET /v3/certificates HTTP/1.1" 404 238
2025-01-16 12:14:07,543 - 44714 - DEBUG: Starting new HTTPS connection (1): api.mch.weixin.qq.com:443
2025-01-16 12:14:07,838 - 44714 - DEBUG: https://api.mch.weixin.qq.com:443 "GET /v3/certificates HTTP/1.1" 404 238
2025-01-16 12:45:10,883 - 50601 - DEBUG: Starting new HTTPS connection (1): api.mch.weixin.qq.com:443
2025-01-16 12:45:11,174 - 50601 - DEBUG: https://api.mch.weixin.qq.com:443 "GET /v3/certificates HTTP/1.1" 404 238
2025-01-17 09:23:23,514 - 74606 - DEBUG: Starting new HTTPS connection (1): api.mch.weixin.qq.com:443
2025-01-17 09:23:26,072 - 74606 - DEBUG: https://api.mch.weixin.qq.com:443 "GET /v3/certificates HTTP/1.1" 404 238
2025-01-17 09:32:32,902 - 74756 - DEBUG: Starting new HTTPS connection (1): api.mch.weixin.qq.com:443
2025-01-17 09:32:34,620 - 74756 - DEBUG: https://api.mch.weixin.qq.com:443 "GET /v3/certificates HTTP/1.1" 404 238
2025-01-17 09:34:12,406 - 74817 - DEBUG: Starting new HTTPS connection (1): api.mch.weixin.qq.com:443
2025-01-17 09:34:14,281 - 74817 - DEBUG: https://api.mch.weixin.qq.com:443 "GET /v3/certificates HTTP/1.1" 404 238
2025-01-17 12:45:48,698 - 7204 - INFO: /Users/vincenschan/Documents/projects/python_projects/ClubEngine/util/external_api.py changed, reloading.
2025-01-17 12:45:55,504 - 7925 - DEBUG: Request url: https://api.mch.weixin.qq.com/v3/pay/transactions/jsapi
2025-01-17 12:45:55,505 - 7925 - DEBUG: Request type: POST
2025-01-17 12:45:55,505 - 7925 - DEBUG: Request headers: {'Content-Type': 'application/json', 'Accept': 'application/json', 'User-Agent': 'wechatpay v3 api python sdk(https://github.com/minibear2021/wechatpayv3)', 'Authorization': 'WECHATPAY2-SHA256-RSA2048 mchid="1704578643",nonce_str="93A2169B73774C5D995D134E8E197EC5",signature="Xk95+H1O49/x347qXeysk9nJs1MEvTjkHrwbEvM8um3HeJfPzkgiMHPnIYKOlmDSbZYXvIz1cZA9/q/u99Vyq6Bk+GyjDhqENGq/Mc6oU6alorxLq3zXUIDuhN6lc+HgfuHV+XqfiHm0p1kZ/i3pFJ/QLLqQ0kQ7++pOu+b+pPKbNQYoifFfDdB1kFu3hYT/G3Ddrl10nVD8hZgi5dOxSVU+naheS8swCa8EddHGkVROpHQ+BjO27NzH7WjYnX+y4x0FEuV2yWd5kNIHlnfl6NqvBWIBtHvQYpEjQYxL73hz11/oGUaHZCDjJZLdefkAksp8P8Jffj0wxtFupVSKng==",timestamp="1737117955",serial_no="5DA0AED191E6B1FE6B165CA286D3F31B56CBE7D5"'}
2025-01-17 12:45:55,505 - 7925 - DEBUG: Request params: {'notify_url': 'https://localhost:80/notifyOrder', 'description': 'Y-Club WXminPay', 'out_trade_no': '1004', 'amount': {'total': '0.10'}, 'payer': {'openid': '12143'}, 'appid': 'wxf07870791f65ca07', 'mchid': '1704578643'}
2025-01-17 12:45:55,526 - 7925 - DEBUG: Starting new HTTPS connection (1): api.mch.weixin.qq.com:443
2025-01-17 12:45:57,390 - 7925 - DEBUG: https://api.mch.weixin.qq.com:443 "POST /v3/pay/transactions/jsapi HTTP/1.1" 400 221
2025-01-17 12:45:57,391 - 7925 - DEBUG: Response status code: 400
2025-01-17 12:45:57,391 - 7925 - DEBUG: Response headers: {'Server': 'nginx', 'Date': 'Fri, 17 Jan 2025 12:45:57 GMT', 'Content-Type': 'application/json; charset=utf-8', 'Content-Length': '221', 'Connection': 'keep-alive', 'Keep-Alive': 'timeout=8', 'Cache-Control': 'no-cache, must-revalidate', 'X-Content-Type-Options': 'nosniff', 'Request-ID': '0885A2A9BC06108B011894AA8C5820C7D00A288E9201-268435461', 'Content-Language': 'zh-CN'}
2025-01-17 12:45:57,391 - 7925 - DEBUG: Response content: {"code":"PARAM_ERROR","detail":{"location":"body","value":"0.10"},"message":"无法将 JSON 输入源“/body/amount/total”映射到目标字段“总金额”中，此字段需要一个合法的 64 位有符号整数"}
2025-01-17 12:45:57,394 - 7925 - DEBUG: retrying failed server: ('127.0.0.1', 11211)
2025-01-17 12:49:19,411 - 7925 - INFO: /Users/vincenschan/Documents/projects/python_projects/ClubEngine/dbModel/models.py changed, reloading.
2025-01-17 12:49:35,978 - 8605 - INFO: /Users/vincenschan/Documents/projects/python_projects/ClubEngine/dbModel/models.py changed, reloading.
2025-01-17 12:49:54,574 - 8720 - DEBUG: Request url: https://api.mch.weixin.qq.com/v3/pay/transactions/jsapi
2025-01-17 12:49:54,575 - 8720 - DEBUG: Request type: POST
2025-01-17 12:49:54,575 - 8720 - DEBUG: Request headers: {'Content-Type': 'application/json', 'Accept': 'application/json', 'User-Agent': 'wechatpay v3 api python sdk(https://github.com/minibear2021/wechatpayv3)', 'Authorization': 'WECHATPAY2-SHA256-RSA2048 mchid="1704578643",nonce_str="68FBFB3D8F194A7D9EE873A4FA76DD7D",signature="UJkkdJ89xWAF53JSje+rnNZJZuv2OjAICT6WecqsA7d9r/rL0bZAzH3QgciLG8dtQ9gyzPghJ5mMYgbUOVKFNko8J2tjG+Gr069Yq8l8orZ57XvGdQQsUJAXwm1z7pZgfquK4gjPK/tgHtIXUD4b6+rBhMaNHx4RN8DDHaqBqO3/h8ErlVMAFvBJxjKSesPYSm/ZUGeDkgN3HPWSk22T2B99/E/ETPiqLFDNyWb12IfgFn5gtWx9oDZ9gR+bolciGKHQeN8brT6mP4QiWR78S6ExcQitj4uMs6roOzK10HAnV0xm0jYHIBnKnQkyBGTkwUDlokrqKYLpdCuu77JsxA==",timestamp="1737118194",serial_no="5DA0AED191E6B1FE6B165CA286D3F31B56CBE7D5"'}
2025-01-17 12:49:54,575 - 8720 - DEBUG: Request params: {'notify_url': 'https://localhost:80/notifyOrder', 'description': 'Y-Club WXminPay', 'out_trade_no': '1004', 'amount': {'total': '0.10'}, 'payer': {'openid': '12143'}, 'appid': 'wxf07870791f65ca07', 'mchid': '1704578643'}
2025-01-17 12:49:54,591 - 8720 - DEBUG: Starting new HTTPS connection (1): api.mch.weixin.qq.com:443
2025-01-17 12:50:01,047 - 8720 - DEBUG: https://api.mch.weixin.qq.com:443 "POST /v3/pay/transactions/jsapi HTTP/1.1" 400 221
2025-01-17 12:50:01,047 - 8720 - DEBUG: Response status code: 400
2025-01-17 12:50:01,048 - 8720 - DEBUG: Response headers: {'Server': 'nginx', 'Date': 'Fri, 17 Jan 2025 12:50:00 GMT', 'Content-Type': 'application/json; charset=utf-8', 'Content-Length': '221', 'Connection': 'keep-alive', 'Keep-Alive': 'timeout=8', 'Cache-Control': 'no-cache, must-revalidate', 'X-Content-Type-Options': 'nosniff', 'Request-ID': '08F8A3A9BC0610FA0618ECB3C05520ACC71828F29902-268435461', 'Content-Language': 'zh-CN'}
2025-01-17 12:50:01,048 - 8720 - DEBUG: Response content: {"code":"PARAM_ERROR","detail":{"location":"body","value":"0.10"},"message":"无法将 JSON 输入源“/body/amount/total”映射到目标字段“总金额”中，此字段需要一个合法的 64 位有符号整数"}
2025-01-17 12:50:01,054 - 8720 - DEBUG: retrying failed server: ('127.0.0.1', 11211)
2025-01-17 12:50:45,315 - 8834 - DEBUG: Request url: https://api.mch.weixin.qq.com/v3/pay/transactions/jsapi
2025-01-17 12:50:45,318 - 8834 - DEBUG: Request type: POST
2025-01-17 12:50:45,319 - 8834 - DEBUG: Request headers: {'Content-Type': 'application/json', 'Accept': 'application/json', 'User-Agent': 'wechatpay v3 api python sdk(https://github.com/minibear2021/wechatpayv3)', 'Authorization': 'WECHATPAY2-SHA256-RSA2048 mchid="1704578643",nonce_str="9D2E02914EA94C47B66EA968C36583F8",signature="eUVWZV3LHdu0AHK9VVfLt2PNZhSWprollRvwfIMpcd3xum8i2DPaFaNv1Tlq2M559jmKAeFrXpdNTACICstwF1k7dLWM0uxkjBv9tJNB2+Q6eJGA7w3szBKcVbM14gtabXARqPciwIw2CXhPYbMD8HITQvGiU6r5Lmlxpl7etWFjJAzVZlG8ov19EyrG6ulz9MIKqTlKUkX0eVfyNHGtRELyb+Nuv0GCYSRRcOSrxFnFTc6lqtyVVALEIu/GVRoepNKLOkeey6wy7xW9azfCcaqpiwb69eUAa8QqXxPMsdl1VwhR60lSV2h29fK6zyEe9oc5/PTjuLk2aV2ZpqTL8w==",timestamp="1737118245",serial_no="5DA0AED191E6B1FE6B165CA286D3F31B56CBE7D5"'}
2025-01-17 12:50:45,321 - 8834 - DEBUG: Request params: {'notify_url': 'https://localhost:80/notifyOrder', 'description': 'Y-Club WXminPay', 'out_trade_no': '1004', 'amount': {'total': '0.10'}, 'payer': {'openid': '12143'}, 'appid': 'wxf07870791f65ca07', 'mchid': '1704578643'}
2025-01-17 12:50:45,395 - 8834 - DEBUG: Starting new HTTPS connection (1): api.mch.weixin.qq.com:443
2025-01-17 12:50:46,986 - 8834 - DEBUG: https://api.mch.weixin.qq.com:443 "POST /v3/pay/transactions/jsapi HTTP/1.1" 400 221
2025-01-17 12:50:46,992 - 8834 - DEBUG: Response status code: 400
2025-01-17 12:50:46,993 - 8834 - DEBUG: Response headers: {'Server': 'nginx', 'Date': 'Fri, 17 Jan 2025 12:50:46 GMT', 'Content-Type': 'application/json; charset=utf-8', 'Content-Length': '221', 'Connection': 'keep-alive', 'Keep-Alive': 'timeout=8', 'Cache-Control': 'no-cache, must-revalidate', 'X-Content-Type-Options': 'nosniff', 'Request-ID': '08A6A4A9BC06109A0618C3DB8C582080C219289E9F03-268435461', 'Content-Language': 'zh-CN'}
2025-01-17 12:50:46,994 - 8834 - DEBUG: Response content: {"code":"PARAM_ERROR","detail":{"location":"body","value":"0.10"},"message":"无法将 JSON 输入源“/body/amount/total”映射到目标字段“总金额”中，此字段需要一个合法的 64 位有符号整数"}
2025-01-17 12:51:19,200 - 8931 - DEBUG: Request url: https://api.mch.weixin.qq.com/v3/pay/transactions/jsapi
2025-01-17 12:51:19,201 - 8931 - DEBUG: Request type: POST
2025-01-17 12:51:19,201 - 8931 - DEBUG: Request headers: {'Content-Type': 'application/json', 'Accept': 'application/json', 'User-Agent': 'wechatpay v3 api python sdk(https://github.com/minibear2021/wechatpayv3)', 'Authorization': 'WECHATPAY2-SHA256-RSA2048 mchid="1704578643",nonce_str="4D89EAA811B04426BCCD0323C9602B2E",signature="s4Wa+6OVjqSeo52dsVWlYhCtcfsLLlawPMS+fUozh/5ACsbyHlaGVPYGLQofNQechLZ/Ukbg1wn8gaf1iAxjF2SmH7bmxe9wbhqCDyNSvfgcAK1CEbmd55k5N0yymnvRCCSuK6Njs9QWYXahU2qcKJ/cq4519nl1mp4pdGf4NcMayqENQnBkog+PVHw/YLzfIqVLCyLFodMM8VVjKshDX0pjT5NDSd2S9NswXexlaMmdkcQ8X1yxAScO1dWgv0HgNroJ6EtFUlkdV8yKQ4PGErr7sL18XG/g6SzSo82SVrvfFiLnYC4j3s7IoYp+8vjVqKs34e2MGupPsBpBDu3YBA==",timestamp="1737118279",serial_no="5DA0AED191E6B1FE6B165CA286D3F31B56CBE7D5"'}
2025-01-17 12:51:19,202 - 8931 - DEBUG: Request params: {'notify_url': 'https://localhost:80/notifyOrder', 'description': 'Y-Club WXminPay', 'out_trade_no': '1004', 'amount': {'total': '0.10'}, 'payer': {'openid': '12143'}, 'appid': 'wxf07870791f65ca07', 'mchid': '1704578643'}
2025-01-17 12:51:19,218 - 8931 - DEBUG: Starting new HTTPS connection (1): api.mch.weixin.qq.com:443
2025-01-17 12:51:20,546 - 8931 - DEBUG: https://api.mch.weixin.qq.com:443 "POST /v3/pay/transactions/jsapi HTTP/1.1" 400 221
2025-01-17 12:51:20,547 - 8931 - DEBUG: Response status code: 400
2025-01-17 12:51:20,547 - 8931 - DEBUG: Response headers: {'Server': 'nginx', 'Date': 'Fri, 17 Jan 2025 12:51:20 GMT', 'Content-Type': 'application/json; charset=utf-8', 'Content-Length': '221', 'Connection': 'keep-alive', 'Keep-Alive': 'timeout=8', 'Cache-Control': 'no-cache, must-revalidate', 'X-Content-Type-Options': 'nosniff', 'Request-ID': '08C8A4A9BC0610950318AEDA8C5820F4FA0228934B-268435461', 'Content-Language': 'zh-CN'}
2025-01-17 12:51:20,547 - 8931 - DEBUG: Response content: {"code":"PARAM_ERROR","detail":{"location":"body","value":"0.10"},"message":"无法将 JSON 输入源“/body/amount/total”映射到目标字段“总金额”中，此字段需要一个合法的 64 位有符号整数"}
2025-01-17 12:51:20,557 - 8931 - DEBUG: retrying failed server: ('127.0.0.1', 11211)
2025-01-17 12:52:01,888 - 9023 - DEBUG: Request url: https://api.mch.weixin.qq.com/v3/pay/transactions/jsapi
2025-01-17 12:52:01,890 - 9023 - DEBUG: Request type: POST
2025-01-17 12:52:01,891 - 9023 - DEBUG: Request headers: {'Content-Type': 'application/json', 'Accept': 'application/json', 'User-Agent': 'wechatpay v3 api python sdk(https://github.com/minibear2021/wechatpayv3)', 'Authorization': 'WECHATPAY2-SHA256-RSA2048 mchid="1704578643",nonce_str="6110F1BE39CA425A88E27576F65517B9",signature="hmcwhH7X1FlTMBgZHt9/jTnmD0mPLw6alQPqYMJ3MXKePTxNX4LhqIEz4nkUnhSO9NNiNkJ92RLRr7GgTneFVnIDlEzoYnHinANvtSw50TJ2hjjGlID3WQA4CqtvJube69J4XBBCIdLc/iUx03tsTGX4o5S/kgLArouve+tR/aB+BIPLd7tsVbArgvJFkScTc8K1/DohiFdSvIrpsn4LuXUnm+jCN8Tpb/fgpYilwWRJSibfGlezwLiy7y+WKxbA43BpfGoZj+k412OCaoZPljdzsqQi4x4P7gWYejmrrKp4czpqhrrrwQyUTIeeReJriFb/D6Z+pIhPP+qUxr+joQ==",timestamp="1737118321",serial_no="5DA0AED191E6B1FE6B165CA286D3F31B56CBE7D5"'}
2025-01-17 12:52:01,891 - 9023 - DEBUG: Request params: {'notify_url': 'https://localhost:80/notifyOrder', 'description': 'Y-Club WXminPay', 'out_trade_no': '1004', 'amount': {'total': '0.10'}, 'payer': {'openid': '12143'}, 'appid': 'wxf07870791f65ca07', 'mchid': '1704578643'}
2025-01-17 12:52:01,926 - 9023 - DEBUG: Starting new HTTPS connection (1): api.mch.weixin.qq.com:443
2025-01-17 12:52:05,188 - 9023 - DEBUG: https://api.mch.weixin.qq.com:443 "POST /v3/pay/transactions/jsapi HTTP/1.1" 400 221
2025-01-17 12:52:05,192 - 9023 - DEBUG: Response status code: 400
2025-01-17 12:52:05,192 - 9023 - DEBUG: Response headers: {'Server': 'nginx', 'Date': 'Fri, 17 Jan 2025 12:52:05 GMT', 'Content-Type': 'application/json; charset=utf-8', 'Content-Length': '221', 'Connection': 'keep-alive', 'Keep-Alive': 'timeout=8', 'Cache-Control': 'no-cache, must-revalidate', 'X-Content-Type-Options': 'nosniff', 'Request-ID': '08F5A4A9BC06101B189FCBC05520C5C80A28A136-268435461', 'Content-Language': 'zh-CN'}
2025-01-17 12:52:05,192 - 9023 - DEBUG: Response content: {"code":"PARAM_ERROR","detail":{"location":"body","value":"0.10"},"message":"无法将 JSON 输入源“/body/amount/total”映射到目标字段“总金额”中，此字段需要一个合法的 64 位有符号整数"}
2025-01-17 12:53:18,068 - 9023 - DEBUG: retrying failed server: ('127.0.0.1', 11211)
2025-01-17 12:55:01,698 - 9023 - DEBUG: Request url: https://api.mch.weixin.qq.com/v3/pay/transactions/jsapi
2025-01-17 12:55:01,700 - 9023 - DEBUG: Request type: POST
2025-01-17 12:55:01,700 - 9023 - DEBUG: Request headers: {'Content-Type': 'application/json', 'Accept': 'application/json', 'User-Agent': 'wechatpay v3 api python sdk(https://github.com/minibear2021/wechatpayv3)', 'Authorization': 'WECHATPAY2-SHA256-RSA2048 mchid="1704578643",nonce_str="4DB039F226B345D0A43DA068C04E09B9",signature="oAOLJn7aUkkOp31VVD3TXnVqLXZK5Z48iaaTkOS+N87Ms35RHWT8Eimhh7tkqdEfoCooC20eDMr5BPkNwVdK/aswzWTeRC+E8imlzRX+Ue5QmRswseubty5hM3yJ438Xai6/3xsj9mFZ69cgFOnvTXwzRfzTVLUiE1D2HGhsAwAZWruD6ISzKeScC+m1ZsM1IkQoa7lRqQnnOsIjl+dRAsCcpH3e472exB/K0MVyEg1ihGLz1lUxBshZ3yH10RvCBzRtjfIiirIkOwlC6jCYsw0hGrthlDwFivUBjZ9BGs/HP03Iy3S2C/4FofamcY6zLfoJbXc+yhwbsoDLdJeWNg==",timestamp="1737118501",serial_no="5DA0AED191E6B1FE6B165CA286D3F31B56CBE7D5"'}
2025-01-17 12:55:01,700 - 9023 - DEBUG: Request params: {'notify_url': 'https://localhost:80/notifyOrder', 'description': 'Y-Club WXminPay', 'out_trade_no': '1004', 'amount': {'total': '0.10'}, 'payer': {'openid': '12143'}, 'appid': 'wxf07870791f65ca07', 'mchid': '1704578643'}
2025-01-17 12:55:01,704 - 9023 - DEBUG: Starting new HTTPS connection (1): api.mch.weixin.qq.com:443
2025-01-17 12:55:03,933 - 9023 - DEBUG: https://api.mch.weixin.qq.com:443 "POST /v3/pay/transactions/jsapi HTTP/1.1" 400 221
2025-01-17 12:55:03,934 - 9023 - DEBUG: Response status code: 400
2025-01-17 12:55:03,935 - 9023 - DEBUG: Response headers: {'Server': 'nginx', 'Date': 'Fri, 17 Jan 2025 12:55:03 GMT', 'Content-Type': 'application/json; charset=utf-8', 'Content-Length': '221', 'Connection': 'keep-alive', 'Keep-Alive': 'timeout=8', 'Cache-Control': 'no-cache, must-revalidate', 'X-Content-Type-Options': 'nosniff', 'Request-ID': '08A7A6A9BC06108B0618B2958EAA0120E0C90428F18F04-268435461', 'Content-Language': 'zh-CN'}
2025-01-17 12:55:03,935 - 9023 - DEBUG: Response content: {"code":"PARAM_ERROR","detail":{"location":"body","value":"0.10"},"message":"无法将 JSON 输入源“/body/amount/total”映射到目标字段“总金额”中，此字段需要一个合法的 64 位有符号整数"}
2025-01-17 12:56:46,057 - 10050 - DEBUG: Request url: https://api.mch.weixin.qq.com/v3/pay/transactions/jsapi
2025-01-17 12:56:46,058 - 10050 - DEBUG: Request type: POST
2025-01-17 12:56:46,058 - 10050 - DEBUG: Request headers: {'Content-Type': 'application/json', 'Accept': 'application/json', 'User-Agent': 'wechatpay v3 api python sdk(https://github.com/minibear2021/wechatpayv3)', 'Authorization': 'WECHATPAY2-SHA256-RSA2048 mchid="1704578643",nonce_str="9C6F772C6E3F49E2874CE46B7949DFEB",signature="Z5RNIfsJ1RMB84BnvaGJkxwqnXr8krOEnDy6cWtuTpdaokGOevURNd0FVMSHV2AHYfIQtG0LQaNqQSppPuiFb2VBg890ZPc2BNynlpPE1WOmb4h6lMAsm+GF61wGz3M3z6B8ahhAmryxaBYSRuomFjUHlTe6UP6mftgiMG/kmcEYvsjXCvocMOlaz35gNwaqsxqQdzijxfZPduvHnupSIS8xhmyACHaBK9OD5djxk6ybvvmvWH1qNuNoRpQGcradZpDIMF9OWNA9ne3hYMrYeuepEnykMnVR1ufY0CNVE4wlFdZEq4XN+QVWeQV8XG94vp3Olzb/8Z49sJGTPcIVSg==",timestamp="1737118606",serial_no="5DA0AED191E6B1FE6B165CA286D3F31B56CBE7D5"'}
2025-01-17 12:56:46,058 - 10050 - DEBUG: Request params: {'notify_url': 'https://localhost:80/notifyOrder', 'description': 'Y-Club WXminPay', 'out_trade_no': '1004', 'amount': {'total': 0}, 'payer': {'openid': '12143'}, 'appid': 'wxf07870791f65ca07', 'mchid': '1704578643'}
2025-01-17 12:56:46,072 - 10050 - DEBUG: Starting new HTTPS connection (1): api.mch.weixin.qq.com:443
2025-01-17 12:56:48,534 - 10050 - DEBUG: https://api.mch.weixin.qq.com:443 "POST /v3/pay/transactions/jsapi HTTP/1.1" 400 207
2025-01-17 12:56:48,536 - 10050 - DEBUG: Response status code: 400
2025-01-17 12:56:48,536 - 10050 - DEBUG: Response headers: {'Server': 'nginx', 'Date': 'Fri, 17 Jan 2025 12:56:48 GMT', 'Content-Type': 'application/json; charset=utf-8', 'Content-Length': '207', 'Connection': 'keep-alive', 'Keep-Alive': 'timeout=8', 'Cache-Control': 'no-cache, must-revalidate', 'X-Content-Type-Options': 'nosniff', 'Request-ID': '0890A7A9BC0610FC0218D2DFEEA30620BDD40428A6CB02-268435463', 'Content-Language': 'zh-CN'}
2025-01-17 12:56:48,536 - 10050 - DEBUG: Response content: {"code":"PARAM_ERROR","detail":{"location":"body","value":4},"message":"输入源“/body/out_trade_no”映射到值字段“商户订单号”字符串规则校验失败，字节数 4，小于最小值 6"}
2025-01-17 12:58:06,596 - 10050 - DEBUG: Request url: https://api.mch.weixin.qq.com/v3/pay/transactions/jsapi
2025-01-17 12:58:06,597 - 10050 - DEBUG: Request type: POST
2025-01-17 12:58:06,597 - 10050 - DEBUG: Request headers: {'Content-Type': 'application/json', 'Accept': 'application/json', 'User-Agent': 'wechatpay v3 api python sdk(https://github.com/minibear2021/wechatpayv3)', 'Authorization': 'WECHATPAY2-SHA256-RSA2048 mchid="1704578643",nonce_str="0139A1030A2944EAB71FB7A1946FBC01",signature="u5bo//qWThmrRD2K9jVx428EDnA6Bl1/A8I36Aw9dBdiYRTjH+Xk3ZjU4tQM3T1Od9RuWPJ/bJ2shKZ/4j1e6qmjGeAwpI6ErZcPYxC+eoliraJ8lfAdkeaQmCW4myTEw09x2yVcwu29Vwd5J7a2Dcpf6iplwx4bS0MC00aosO8lfnJxGu+tRN9r3BrZacO2zYoJCbdIOyOdQbJkGWl9l/MZ4d7te672h0HlFVtHkNt+/bwMqLx5VyTyUXpO2SWNVmL8LftOuvAY3L9MO0s6a23SQiPUyiwvPoYkTRLx8cSVXqK/3ONfrgquZ0r0JfdtZ6rcZoi64v2y6Rp1KwIuBw==",timestamp="1737118686",serial_no="5DA0AED191E6B1FE6B165CA286D3F31B56CBE7D5"'}
2025-01-17 12:58:06,597 - 10050 - DEBUG: Request params: {'notify_url': 'https://localhost:80/notifyOrder', 'description': 'Y-Club WXminPay', 'out_trade_no': '20150806125346', 'amount': {'total': 0}, 'payer': {'openid': '12143'}, 'appid': 'wxf07870791f65ca07', 'mchid': '1704578643'}
2025-01-17 12:58:06,600 - 10050 - DEBUG: Starting new HTTPS connection (1): api.mch.weixin.qq.com:443
2025-01-17 12:58:08,228 - 10050 - DEBUG: https://api.mch.weixin.qq.com:443 "POST /v3/pay/transactions/jsapi HTTP/1.1" 400 184
2025-01-17 12:58:08,229 - 10050 - DEBUG: Response status code: 400
2025-01-17 12:58:08,229 - 10050 - DEBUG: Response headers: {'Server': 'nginx', 'Date': 'Fri, 17 Jan 2025 12:58:08 GMT', 'Content-Type': 'application/json; charset=utf-8', 'Content-Length': '184', 'Connection': 'keep-alive', 'Keep-Alive': 'timeout=8', 'Cache-Control': 'no-cache, must-revalidate', 'X-Content-Type-Options': 'nosniff', 'Request-ID': '08E0A7A9BC06101B18BED4EEA30620B6ED0928BB8D06-268435464', 'Content-Language': 'zh-CN'}
2025-01-17 12:58:08,229 - 10050 - DEBUG: Response content: {"code":"PARAM_ERROR","detail":{"location":"body","value":0},"message":"输入源“/body/amount/total”映射到数值字段“总金额”规则校验失败，值低于最小值 1"}
2025-01-17 12:58:21,349 - 10050 - DEBUG: Request url: https://api.mch.weixin.qq.com/v3/pay/transactions/jsapi
2025-01-17 12:58:21,350 - 10050 - DEBUG: Request type: POST
2025-01-17 12:58:21,351 - 10050 - DEBUG: Request headers: {'Content-Type': 'application/json', 'Accept': 'application/json', 'User-Agent': 'wechatpay v3 api python sdk(https://github.com/minibear2021/wechatpayv3)', 'Authorization': 'WECHATPAY2-SHA256-RSA2048 mchid="1704578643",nonce_str="D52B4A6AC76043828736AE929A561D74",signature="LdETOGkvD+A8pzmU6IUwaQInyTdo3gkGkv29x5kRtoRN1BVMHqnVayHC2wZooXy7AMV8bqUiIgUfRPY1kfefGDjrh+0z+c5aDY0iaxC50BMnLpudi3nw7RnVE35SFLPryyQQuoA2evP3NTqBHAlJS/zikHRPZCYP5LEYWdgBI7JE2YAkaksDCASQUUcGvs6FFajWWE4yrj1tKsoFNzaGLdTt5rax+B2sWxWPU5ZWNrW7VXc70pKyx4rlIHt6t6lPtxua8vWWMbyzelB36Ak1oNXIyc7iYgXCsIyYJu406TPJRFsIo0xEV1ohvaLsminu8/LeKh2uQPf4tKYHQk2S0w==",timestamp="1737118701",serial_no="5DA0AED191E6B1FE6B165CA286D3F31B56CBE7D5"'}
2025-01-17 12:58:21,351 - 10050 - DEBUG: Request params: {'notify_url': 'https://localhost:80/notifyOrder', 'description': 'Y-Club WXminPay', 'out_trade_no': '20150806125346', 'amount': {'total': 2}, 'payer': {'openid': '12143'}, 'appid': 'wxf07870791f65ca07', 'mchid': '1704578643'}
2025-01-17 12:58:21,355 - 10050 - DEBUG: Starting new HTTPS connection (1): api.mch.weixin.qq.com:443
2025-01-17 12:58:22,970 - 10050 - DEBUG: https://api.mch.weixin.qq.com:443 "POST /v3/pay/transactions/jsapi HTTP/1.1" 400 50
2025-01-17 12:58:22,971 - 10050 - DEBUG: Response status code: 400
2025-01-17 12:58:22,971 - 10050 - DEBUG: Response headers: {'Server': 'nginx', 'Date': 'Fri, 17 Jan 2025 12:58:22 GMT', 'Content-Type': 'application/json; charset=utf-8', 'Content-Length': '50', 'Connection': 'keep-alive', 'Keep-Alive': 'timeout=8', 'Cache-Control': 'no-cache, must-revalidate', 'X-Content-Type-Options': 'nosniff', 'Request-ID': '08EEA7A9BC0610BB05189EC98C58209FB71828FB8102-268501090', 'Content-Language': 'zh-CN', 'Wechatpay-Nonce': '686afcf286bd3cb37ac5bb5e4b70554e', 'Wechatpay-Signature': 'j5Dl465qhN6QXKcuHHUQ6libGB19gjmg0DPYT4DXy4SYIxmdklJP8+V9xv8gygSROqN1Afd7B9Q5E3Aa5m0eJqSJ3O5c1Z+a87G4WzuBep4vwY2hv1ITaVJYIffsD6NlhJ7DyMvsGl3hpR6wr34cGr4qWg/REcJnbzOWsF3a7NZS5b6XyZda0yB3HVjYT8QdSp8xSpSuB3MVlJIM85/KhFw0xsinSI8HneZFDuFbbjXoxR74MUMQT4dLyBNCRIjh92NF5Sd/ApTv5Jbl3CfCdzxNv1wGxCzr1H2UjuJG/GD/axFBvQE0ExURzr4z78s4Lm7hCB72I7C9AHIwViP4Jg==', 'Wechatpay-Timestamp': '1737118702', 'Wechatpay-Serial': 'PUB_KEY_ID_0117045786432025011400326400001236', 'Wechatpay-Signature-Type': 'WECHATPAY2-SHA256-RSA2048'}
2025-01-17 12:58:22,971 - 10050 - DEBUG: Response content: {"code":"PARAM_ERROR","message":"无效的openid"}
2025-01-17 12:58:43,687 - 10050 - DEBUG: Request url: https://api.mch.weixin.qq.com/v3/pay/transactions/jsapi
2025-01-17 12:58:43,688 - 10050 - DEBUG: Request type: POST
2025-01-17 12:58:43,688 - 10050 - DEBUG: Request headers: {'Content-Type': 'application/json', 'Accept': 'application/json', 'User-Agent': 'wechatpay v3 api python sdk(https://github.com/minibear2021/wechatpayv3)', 'Authorization': 'WECHATPAY2-SHA256-RSA2048 mchid="1704578643",nonce_str="B45D13179B484CD8A4926ABF5C71CB2E",signature="hDbb3U2KX4YqEMaEot94D+JE/LV1z+sqAM6Iwt+zk8RFm+SVNq5a/yJk//XQED+TrWV/yIBTSOw3ZRALQAlYVOILsRR36O610TFfHQ/Jz1Rq1Xz/bpuBAnmBdpEaKMGKqesq/JhjE15I0MyIVNg1JIj43dLSIQk6dn5c05kVxR1bGVs7m/bbns+JVcGJWJ4GVtO5JcbhROBNf5qTNXFSQBge+uDG92BPwmPYW7Ixd8C1rVyU+7tOVge5IX+UcVkbKa6beaiWSvIb5CAAgeicgqNpLgQkNO2YiTyxB3RN1DuhIs5XaEM57yF2unNhzu+lssQ0DG7iV56Bd7NU99wRjQ==",timestamp="1737118723",serial_no="5DA0AED191E6B1FE6B165CA286D3F31B56CBE7D5"'}
2025-01-17 12:58:43,688 - 10050 - DEBUG: Request params: {'notify_url': 'https://localhost:80/notifyOrder', 'description': 'Y-Club WXminPay', 'out_trade_no': '20150806125346', 'amount': {'total': 2}, 'payer': {'openid': 'oUpF8uMuAJO_M2pxb1Q9zNjWeS6o'}, 'appid': 'wxf07870791f65ca07', 'mchid': '1704578643'}
2025-01-17 12:58:43,692 - 10050 - DEBUG: Starting new HTTPS connection (1): api.mch.weixin.qq.com:443
2025-01-17 12:58:45,324 - 10050 - DEBUG: https://api.mch.weixin.qq.com:443 "POST /v3/pay/transactions/jsapi HTTP/1.1" 400 58
2025-01-17 12:58:45,327 - 10050 - DEBUG: Response status code: 400
2025-01-17 12:58:45,327 - 10050 - DEBUG: Response headers: {'Server': 'nginx', 'Date': 'Fri, 17 Jan 2025 12:58:45 GMT', 'Content-Type': 'application/json; charset=utf-8', 'Content-Length': '58', 'Connection': 'keep-alive', 'Keep-Alive': 'timeout=8', 'Cache-Control': 'no-cache, must-revalidate', 'X-Content-Type-Options': 'nosniff', 'Request-ID': '0885A8A9BC0610281898DFEEA30620D7AA1628FE9604-268501091', 'Content-Language': 'zh-CN', 'Wechatpay-Nonce': 'daa045a0658adda65f7061b8c7669a4f', 'Wechatpay-Signature': 'Yv7qjR4wpUSLtdzJEDw/m+6LGy7+TM7qTfJvA92JB4DwCOup2nJVzmrOgfvJPbk4RxQpAMn2rPKz5ZfuSwSjMJELG3V3/7uL/U4sjay1hpd/ajt/UaqCfrK4qkPmH7OSAv06NFtO1m9S87eIsFTCMEI37fPdwJJga1s78WnR0pwQV3k3J08PcRcS8NcsJemTm8BM+S5ncl1HFfjLF4i7cIBNms4Nbas9gMCXTR9f1bZ9S8Idr40+dDXmVDHPbWO5vjQSwMjzXWiQqMnx31sIJIPuSFyqFhU9qEHas5zHtoUL0Q4z/GtDVoOEAqXcg6pbnKku46AN6xAXKPqiYiL3Zw==', 'Wechatpay-Timestamp': '1737118725', 'Wechatpay-Serial': 'PUB_KEY_ID_0117045786432025011400326400001236', 'Wechatpay-Signature-Type': 'WECHATPAY2-SHA256-RSA2048'}
2025-01-17 12:58:45,327 - 10050 - DEBUG: Response content: {"code":"PARAM_ERROR","message":"appid和openid不匹配"}
2025-01-17 12:59:23,324 - 10050 - INFO: /Users/vincenschan/Documents/projects/python_projects/ClubEngine/wxpay/views.py changed, reloading.
2025-01-17 13:06:06,732 - 10518 - INFO: /Users/vincenschan/Documents/projects/python_projects/ClubEngine/wxpay/settings.py changed, reloading.
2025-01-17 14:31:15,619 - 11739 - INFO: /Users/vincenschan/Documents/projects/python_projects/ClubEngine/dbModel/models.py changed, reloading.
